// Jest Snapshot v1, https://goo.gl/fbAQLP

exports[`App renders NavigationComponent correctly 1`] = `
<NavLink
  as={
    Object {
      "$$typeof": Symbol(react.forward_ref),
      "displayName": "SafeAnchor",
      "render": [Function],
    }
  }
  disabled={false}
  href="#home"
>
  Verunstaltungskalender
</NavLink>
`;
